
> discord-clone@0.1.0 build
> prisma generate && next build

Environment variables loaded from .env
Prisma schema loaded from prisma\schema.prisma

✔ Generated Prisma Client (v6.19.2) to .\node_modules\@prisma\client in 145ms

Start by importing your Prisma Client (See: https://pris.ly/d/importing-client)

Tip: Interested in query caching in just a few lines of code? Try Accelerate today! https://pris.ly/tip-3-accelerate

   ▲ Next.js 14.1.3
   - Environments: .env

   Creating an optimized production build ...
 ✓ Compiled successfully
   Linting and checking validity of types ...

./src/server.ts
47:1  Warning: Assign object to a variable before exporting as module default  import/no-anonymous-default-export

info  - Need to disable some ESLint rules? Learn more here: https://nextjs.org/docs/basic-features/eslint#disabling-rules
Failed to compile.

./src/components/ui/carousel.tsx:2:61
Type error: Cannot find module 'embla-carousel-react' or its corresponding type declarations.

[0m [90m 1 |[39m [36mimport[39m [33m*[39m [36mas[39m [33mReact[39m [36mfrom[39m [32m"react"[39m[33m;[39m[0m
[0m[31m[1m>[22m[39m[90m 2 |[39m [36mimport[39m useEmblaCarousel[33m,[39m { type [33mUseEmblaCarouselType[39m } [36mfrom[39m [32m"embla-carousel-react"[39m[33m;[39m[0m
[0m [90m   |[39m                                                             [31m[1m^[22m[39m[0m
[0m [90m 3 |[39m [36mimport[39m { [33mArrowLeft[39m[33m,[39m [33mArrowRight[39m } [36mfrom[39m [32m"lucide-react"[39m[33m;[39m[0m
[0m [90m 4 |[39m[0m
[0m [90m 5 |[39m [36mimport[39m { cn } [36mfrom[39m [32m"@/lib/utils"[39m[33m;[39m[0m
